[init] app_transcribe_file starting; argc=5, cwd=C:\PRJ\VAM\desktop-live-whisper-multiplatform
[input] file: test_data\Sean_Carroll_podcast.wav, sr=44100, ch=2, bps=16, dur~30.9058s
[play] output enabled at 44100 Hz to default device
[whisper] init from: models/ggml-tiny.en.bin
[whisper] init OK: models/ggml-tiny.en.bin
Transcribing... press Ctrl+C to stop
[Phase2] ContinuousFrameAnalyzer initialized: hop=250ms, window=1000ms


[Phase2] Frame statistics:
[S0] what to use the most beautiful idea in physics can you elaborate yeah if you were ever for a stoddle when aristotle wrote his book on f
  - Total frames extracted: 37
  - Coverage duration: 10.0s
  - Frames per second: 3.7

[perf] audio_sec=10.000, wall_sec=10.340, xRealtime=0.967, t_resample=0.003, t_diar=0.033, t_whisper=0.492
[done] exit=0
